[0.027s][info][gc,heap] Heap region size: 1M
[0.032s][info][gc     ] Using G1
[0.032s][info][gc,heap,coops] Heap address: 0x00000000f9c00000, size: 100 MB, Compressed Oops mode: 32-bit
[1.913s][info][gc,start     ] GC(0) Pause Young (Normal) (G1 Evacuation Pause)
[1.913s][info][gc,task      ] GC(0) Using 2 workers of 8 for evacuation
[1.928s][info][gc,phases    ] GC(0)   Pre Evacuate Collection Set: 0.0ms
[1.928s][info][gc,phases    ] GC(0)   Evacuate Collection Set: 13.2ms
[1.928s][info][gc,phases    ] GC(0)   Post Evacuate Collection Set: 1.0ms
[1.928s][info][gc,phases    ] GC(0)   Other: 0.6ms
[1.928s][info][gc,heap      ] GC(0) Eden regions: 24->0(57)
[1.928s][info][gc,heap      ] GC(0) Survivor regions: 0->3(3)
[1.977s][info][gc,heap      ] GC(0) Old regions: 0->2
[1.977s][info][gc,heap      ] GC(0) Humongous regions: 0->0
[1.977s][info][gc,metaspace ] GC(0) Metaspace: 13890K->13890K(1062912K)
[1.977s][info][gc           ] GC(0) Pause Young (Normal) (G1 Evacuation Pause) 24M->4M(100M) 64.148ms
[1.977s][info][gc,cpu       ] GC(0) User=0.02s Sys=0.02s Real=0.06s
[2.710s][info][gc,start     ] GC(1) Pause Young (Normal) (G1 Evacuation Pause)
[2.710s][info][gc,task      ] GC(1) Using 2 workers of 8 for evacuation
[2.723s][info][gc,phases    ] GC(1)   Pre Evacuate Collection Set: 0.0ms
[2.723s][info][gc,phases    ] GC(1)   Evacuate Collection Set: 11.9ms
[2.723s][info][gc,phases    ] GC(1)   Post Evacuate Collection Set: 0.9ms
[2.723s][info][gc,phases    ] GC(1)   Other: 0.2ms
[2.723s][info][gc,heap      ] GC(1) Eden regions: 22->0(43)
[2.723s][info][gc,heap      ] GC(1) Survivor regions: 3->2(4)
[2.723s][info][gc,heap      ] GC(1) Old regions: 2->5
[2.723s][info][gc,heap      ] GC(1) Humongous regions: 0->0
[2.723s][info][gc,metaspace ] GC(1) Metaspace: 18248K->18248K(1067008K)
[2.723s][info][gc           ] GC(1) Pause Young (Normal) (G1 Evacuation Pause) 26M->6M(100M) 13.614ms
[2.724s][info][gc,cpu       ] GC(1) User=0.03s Sys=0.02s Real=0.01s
[2.939s][info][gc,start     ] GC(2) Pause Young (Concurrent Start) (Metadata GC Threshold)
[2.939s][info][gc,task      ] GC(2) Using 4 workers of 8 for evacuation
[2.954s][info][gc,phases    ] GC(2)   Pre Evacuate Collection Set: 0.0ms
[2.954s][info][gc,phases    ] GC(2)   Evacuate Collection Set: 13.6ms
[2.954s][info][gc,phases    ] GC(2)   Post Evacuate Collection Set: 0.7ms
[2.954s][info][gc,phases    ] GC(2)   Other: 0.6ms
[2.954s][info][gc,heap      ] GC(2) Eden regions: 12->0(45)
[2.954s][info][gc,heap      ] GC(2) Survivor regions: 2->2(6)
[2.954s][info][gc,heap      ] GC(2) Old regions: 5->5
[2.954s][info][gc,heap      ] GC(2) Humongous regions: 0->0
[2.954s][info][gc,metaspace ] GC(2) Metaspace: 20492K->20492K(1069056K)
[2.954s][info][gc           ] GC(2) Pause Young (Concurrent Start) (Metadata GC Threshold) 17M->6M(100M) 15.572ms
[2.954s][info][gc,cpu       ] GC(2) User=0.05s Sys=0.00s Real=0.02s
[2.954s][info][gc           ] GC(3) Concurrent Cycle
[2.954s][info][gc,marking   ] GC(3) Concurrent Clear Claimed Marks
[2.955s][info][gc,marking   ] GC(3) Concurrent Clear Claimed Marks 0.106ms
[2.955s][info][gc,marking   ] GC(3) Concurrent Scan Root Regions
[2.958s][info][gc,marking   ] GC(3) Concurrent Scan Root Regions 3.636ms
[2.958s][info][gc,marking   ] GC(3) Concurrent Mark (2.958s)
[2.958s][info][gc,marking   ] GC(3) Concurrent Mark From Roots
[2.958s][info][gc,task      ] GC(3) Using 2 workers of 2 for marking
[2.968s][info][gc,marking   ] GC(3) Concurrent Mark From Roots 9.261ms
[2.968s][info][gc,marking   ] GC(3) Concurrent Preclean
[2.968s][info][gc,marking   ] GC(3) Concurrent Preclean 0.290ms
[2.968s][info][gc,marking   ] GC(3) Concurrent Mark (2.958s, 2.968s) 9.786ms
[2.968s][info][gc,start     ] GC(3) Pause Remark
[2.971s][info][gc,stringtable] GC(3) Cleaned string and symbol table, strings: 10176 processed, 9 removed, symbols: 72454 processed, 74 removed
[2.971s][info][gc            ] GC(3) Pause Remark 7M->7M(100M) 3.011ms
[2.971s][info][gc,cpu        ] GC(3) User=0.00s Sys=0.00s Real=0.00s
[2.972s][info][gc,marking    ] GC(3) Concurrent Rebuild Remembered Sets
[2.976s][info][gc,marking    ] GC(3) Concurrent Rebuild Remembered Sets 4.432ms
[2.976s][info][gc,start      ] GC(3) Pause Cleanup
[2.976s][info][gc            ] GC(3) Pause Cleanup 7M->7M(100M) 0.157ms
[2.976s][info][gc,cpu        ] GC(3) User=0.00s Sys=0.00s Real=0.00s
[2.977s][info][gc,marking    ] GC(3) Concurrent Cleanup for Next Mark
[2.977s][info][gc,marking    ] GC(3) Concurrent Cleanup for Next Mark 0.195ms
[2.977s][info][gc            ] GC(3) Concurrent Cycle 22.496ms
[4.189s][info][gc,start      ] GC(4) Pause Young (Normal) (G1 Evacuation Pause)
[4.190s][info][gc,task       ] GC(4) Using 3 workers of 8 for evacuation
[4.198s][info][gc,phases     ] GC(4)   Pre Evacuate Collection Set: 0.0ms
[4.198s][info][gc,phases     ] GC(4)   Evacuate Collection Set: 7.5ms
[4.198s][info][gc,phases     ] GC(4)   Post Evacuate Collection Set: 1.1ms
[4.198s][info][gc,phases     ] GC(4)   Other: 0.2ms
[4.199s][info][gc,heap       ] GC(4) Eden regions: 45->0(50)
[4.199s][info][gc,heap       ] GC(4) Survivor regions: 2->5(6)
[4.199s][info][gc,heap       ] GC(4) Old regions: 5->5
[4.199s][info][gc,heap       ] GC(4) Humongous regions: 0->0
[4.199s][info][gc,metaspace  ] GC(4) Metaspace: 26711K->26711K(1073152K)
[4.199s][info][gc            ] GC(4) Pause Young (Normal) (G1 Evacuation Pause) 51M->9M(100M) 9.285ms
[4.199s][info][gc,cpu        ] GC(4) User=0.00s Sys=0.00s Real=0.01s
[5.000s][info][gc,start      ] GC(5) Pause Young (Normal) (G1 Evacuation Pause)
[5.000s][info][gc,task       ] GC(5) Using 8 workers of 8 for evacuation
[5.010s][info][gc,phases     ] GC(5)   Pre Evacuate Collection Set: 0.0ms
[5.010s][info][gc,phases     ] GC(5)   Evacuate Collection Set: 8.1ms
[5.010s][info][gc,phases     ] GC(5)   Post Evacuate Collection Set: 1.9ms
[5.010s][info][gc,phases     ] GC(5)   Other: 0.7ms
[5.010s][info][gc,heap       ] GC(5) Eden regions: 50->0(53)
[5.010s][info][gc,heap       ] GC(5) Survivor regions: 5->7(7)
[5.011s][info][gc,heap       ] GC(5) Old regions: 5->7
[5.011s][info][gc,heap       ] GC(5) Humongous regions: 0->0
[5.011s][info][gc,metaspace  ] GC(5) Metaspace: 33086K->33086K(1079296K)
[5.011s][info][gc            ] GC(5) Pause Young (Normal) (G1 Evacuation Pause) 59M->12M(100M) 11.164ms
[5.011s][info][gc,cpu        ] GC(5) User=0.00s Sys=0.00s Real=0.01s
[5.257s][info][gc,start      ] GC(6) Pause Young (Concurrent Start) (Metadata GC Threshold)
[5.258s][info][gc,task       ] GC(6) Using 8 workers of 8 for evacuation
[5.265s][info][gc,phases     ] GC(6)   Pre Evacuate Collection Set: 0.1ms
[5.265s][info][gc,phases     ] GC(6)   Evacuate Collection Set: 6.2ms
[5.265s][info][gc,phases     ] GC(6)   Post Evacuate Collection Set: 0.8ms
[5.265s][info][gc,phases     ] GC(6)   Other: 0.2ms
[5.265s][info][gc,heap       ] GC(6) Eden regions: 9->0(55)
[5.265s][info][gc,heap       ] GC(6) Survivor regions: 7->5(8)
[5.265s][info][gc,heap       ] GC(6) Old regions: 7->9
[5.265s][info][gc,heap       ] GC(6) Humongous regions: 0->0
[5.265s][info][gc,metaspace  ] GC(6) Metaspace: 34490K->34490K(1081344K)
[5.265s][info][gc            ] GC(6) Pause Young (Concurrent Start) (Metadata GC Threshold) 21M->13M(100M) 7.778ms
[5.265s][info][gc,cpu        ] GC(6) User=0.09s Sys=0.00s Real=0.01s
[5.265s][info][gc            ] GC(7) Concurrent Cycle
[5.265s][info][gc,marking    ] GC(7) Concurrent Clear Claimed Marks
[5.266s][info][gc,marking    ] GC(7) Concurrent Clear Claimed Marks 0.112ms
[5.266s][info][gc,marking    ] GC(7) Concurrent Scan Root Regions
[5.268s][info][gc,marking    ] GC(7) Concurrent Scan Root Regions 2.851ms
[5.268s][info][gc,marking    ] GC(7) Concurrent Mark (5.268s)
[5.269s][info][gc,marking    ] GC(7) Concurrent Mark From Roots
[5.269s][info][gc,task       ] GC(7) Using 2 workers of 2 for marking
[5.284s][info][gc,marking    ] GC(7) Concurrent Mark From Roots 15.228ms
[5.284s][info][gc,marking    ] GC(7) Concurrent Preclean
[5.284s][info][gc,marking    ] GC(7) Concurrent Preclean 0.261ms
[5.284s][info][gc,marking    ] GC(7) Concurrent Mark (5.268s, 5.284s) 15.677ms
[5.285s][info][gc,start      ] GC(7) Pause Remark
[5.287s][info][gc,stringtable] GC(7) Cleaned string and symbol table, strings: 17953 processed, 7 removed, symbols: 112139 processed, 465 removed
[5.287s][info][gc            ] GC(7) Pause Remark 13M->13M(100M) 2.630ms
[5.287s][info][gc,cpu        ] GC(7) User=0.00s Sys=0.00s Real=0.00s
[5.287s][info][gc,marking    ] GC(7) Concurrent Rebuild Remembered Sets
[5.294s][info][gc,marking    ] GC(7) Concurrent Rebuild Remembered Sets 6.960ms
[5.295s][info][gc,start      ] GC(7) Pause Cleanup
[5.295s][info][gc            ] GC(7) Pause Cleanup 13M->13M(100M) 0.132ms
[5.295s][info][gc,cpu        ] GC(7) User=0.00s Sys=0.00s Real=0.00s
[5.295s][info][gc,marking    ] GC(7) Concurrent Cleanup for Next Mark
[5.296s][info][gc,marking    ] GC(7) Concurrent Cleanup for Next Mark 0.179ms
[5.296s][info][gc            ] GC(7) Concurrent Cycle 30.289ms
[324.714s][info][gc,heap,exit  ] Heap
[324.714s][info][gc,heap,exit  ]  garbage-first heap   total 102400K, used 19591K [0x00000000f9c00000, 0x0000000100000000)
[324.714s][info][gc,heap,exit  ]   region size 1024K, 12 young (12288K), 5 survivors (5120K)
[324.714s][info][gc,heap,exit  ]  Metaspace       used 34977K, capacity 36337K, committed 36432K, reserved 1081344K
[324.714s][info][gc,heap,exit  ]   class space    used 4307K, capacity 4848K, committed 4864K, reserved 1048576K
